// Jest Snapshot v1, https://goo.gl/fbAQLP

exports[`DropdownContent renders with the correct styles 1`] = `
.css-11efdoa,
[data-css-11efdoa] {
  -webkit-justify-content: center;
  -webkit-box-direction: normal;
  -webkit-box-orient: vertical;
  -webkit-box-pack: center;
  -ms-flex-pack: center;
  -ms-flex-direction: column;
  -webkit-flex-direction: column;
  height: 100%;
  position: relative;
  flex-direction: column;
  justify-content: center;
  display: -webkit-box;
  display: -moz-box;
  display: -ms-flexbox;
  display: -webkit-flex;
  display: flex;
  width: 100%;
}

<div
  class="css-11efdoa"
/>
`;

exports[`StyledDropdown renders with the correct styles 1`] = `
.css-12cyyv6,
[data-css-12cyyv6] {
  background-color: #fff;
  position: fixed;
  height: 100px;
  top: -webkit-calc(55px + 3px);
  top: -moz-calc(55px + 3px);
  top: calc(55px + 3px);
  right: 0;
  width: 140px;
  border: 1px solid #dddede;
  border-radius: 4px;
  font-family: Oxygen;
  box-shadow: 0 3px 12px rgba(27,31,35,0.15);
  display: none;
}

.css-12cyyv6::before,
[data-css-12cyyv6]::before {
  content: close-quote;
  position: absolute;
  display: inline-block;
  top: -16px;
  right: 9px;
  left: auto;
  border: 8px solid transparent;
  border-bottom-color: #dddede;
}

.css-12cyyv6::after,
[data-css-12cyyv6]::after {
  content: close-quote;
  border: 7px solid transparent;
  border-bottom-color: #fff;
  position: absolute;
  display: inline-block;
  top: -14px;
  right: 10px;
  left: auto;
}

<div
  class="css-12cyyv6"
/>
`;
